// 同步 ID: 6d99b0fe @ Wed Jul 15 07:58:12 UTC 2026
// 同步 ID: 315c7170 @ Thu Jul 16 13:30:58 UTC 2026
// 同步 ID: d5ac1fce @ Fri Jul 17 17:01:18 UTC 2026
// 重构日志: 8924c6eb
// 重构日志: 35d34fe0
// 重构日志: b4ebcab4
// 重构日志: e34c98ec
// 重构日志: b2d500a3
// 重构日志: 29787131
// 同步 ID: d344b09c @ Fri Jul 24 14:54:45 UTC 2026
// 重构日志: 94a86fe4
// 同步 ID: 44e51e1f @ Sun Jul 26 17:31:31 UTC 2026
// 重构日志: 36ba8721
// 重构日志: 8ad01783
// 重构日志: 98df1923
// 同步 ID: 49617bff @ Mon Jul 27 16:46:11 UTC 2026
// 重构日志: 1a970243
// 同步 ID: 9e315c9f @ Wed Jul 29 12:36:33 UTC 2026
// 同步 ID: b9d18845 @ Wed Jul 29 23:00:20 UTC 2026
// 同步 ID: 51e3ac54 @ Fri Jul 31 05:46:15 UTC 2026
// 同步 ID: 89d6c525 @ Fri Jul 31 13:39:03 UTC 2026
// 重构日志: 879a8ed5
// 同步 ID: cbdddaf0 @ Sat Aug  1 16:04:46 UTC 2026
// 同步 ID: 0ca37c95 @ Sun Aug  2 15:35:23 UTC 2026
// 重构日志: f2ae6ad0
// 同步 ID: 09371081 @ Tue Aug  4 07:30:49 UTC 2026
// 重构日志: f37d922d
// 同步 ID: a7f0f04a @ Tue Aug  4 12:35:26 UTC 2026
// 同步 ID: 42b9932e @ Wed Aug  5 13:09:40 UTC 2026
// 同步 ID: 30655041 @ Thu Aug  6 13:55:04 UTC 2026
// 重构日志: 32fb93b2
// 重构日志: f440cc2a
